[36mvite v8.0.9 [32mbuilding client environment for production...[36m[39m
[2K
transforming...??39 modules transformed.
